


ARM Macro Assembler    Page 1 


    1 00000000         ;/******************************************************
                       ***********************/
    2 00000000         ;/* PABT.S: Prefetch Abort Handler                      
                                             */
    3 00000000         ;/******************************************************
                       ***********************/
    4 00000000         ;/* This file is part of the uVision/ARM development too
                       ls.                   */
    5 00000000         ;/* Copyright (c) 2005-2006 Keil Software. All rights re
                       served.               */
    6 00000000         ;/* This software may only be used under the terms of a 
                       valid, current,       */
    7 00000000         ;/* end user licence from KEIL for a compatible version 
                       of KEIL software      */
    8 00000000         ;/* development tools. Nothing else gives you the right 
                       to use this software. */
    9 00000000         ;/******************************************************
                       ***********************/
   10 00000000         
   11 00000000         
   12 00000000                 AREA             PAbt, CODE, READONLY
   13 00000000                 ARM
   14 00000000         
   15 00000000                 PRESERVE8
   16 00000000                 ALIGN
   17 00000000                 IMPORT           Prefetch_Handler
   18 00000000                 EXPORT           PAbtHandler
   19 00000000         
   20 00000000         PAbtHandler
   21 00000000 E24EE004        SUB              LR, LR, #4  ; Update Link Regis
                                                            ter
   22 00000004 E92D5FFF        STMFD            SP!, {R0-R12, LR} ; Save Worksp
                                                            ace & LR to Stack
   23 00000008 E14F0000        MRS              R0, SPSR    ; Copy SPSR to R0
   24 0000000C E92D0003        STMFD            SP!, {R0, R1} ; Save SPSR to St
                                                            ack (8-byte)
   25 00000010 EBFFFFFE        BL               Prefetch_Handler ; Branch to Pr
                                                            efetch Abort Handle
                                                            r
   26 00000014 E8BD0003        LDMFD            SP!, {R0, R1} ; Restore SPSR to
                                                             R0
   27 00000018 E16FF000        MSR              SPSR_cxsf, R0 ; Restore SPSR
   28 0000001C E8FD9FFF        LDMFD            SP!, {R0-R12, PC}^ ; Return to 
                                                            program after
   29 00000020         ; Prefetch Abort Instruction
   30 00000020         
   31 00000020                 END
Command Line: --debug --xref --device=DARMST9 -o.\FLASH\PAbt.o -IC:\Keil\ARM\IN
C\ST\91x --list=.\lst\PAbt.lst PAbt.s



ARM Macro Assembler    Page 1 Alphabetic symbol ordering
Relocatable symbols

PAbt 00000000

Symbol: PAbt
   Definitions
      At line 12 in file PAbt.s
   Uses
      None
Comment: PAbt unused
PAbtHandler 00000000

Symbol: PAbtHandler
   Definitions
      At line 20 in file PAbt.s
   Uses
      At line 18 in file PAbt.s
Comment: PAbtHandler used once
2 symbols



ARM Macro Assembler    Page 1 Alphabetic symbol ordering
External symbols

Prefetch_Handler 00000000

Symbol: Prefetch_Handler
   Definitions
      At line 17 in file PAbt.s
   Uses
      At line 25 in file PAbt.s
Comment: Prefetch_Handler used once
1 symbol
318 symbols in table
